PB common common C:/hlocal/DAS/common/common.vhd sub00/vhpl04 1524487032
AR damero syn C:/hlocal/DAS/damero/damero.vhd sub00/vhpl05 1524487036
EN damero NULL C:/hlocal/DAS/damero/damero.vhd sub00/vhpl02 1524487035
PH common NULL C:/hlocal/DAS/common/common.vhd sub00/vhpl03 1524487031
EN vgainterface NULL C:/hlocal/DAS/common/vgaInterface.vhd sub00/vhpl00 1524487033
AR vgainterface syn C:/hlocal/DAS/common/vgaInterface.vhd sub00/vhpl01 1524487034
